
> frontend@0.1.0 dev
> next dev

▲ Next.js 16.2.6 (Turbopack)
- Local:         http://localhost:3000
- Network:       http://172.20.10.4:3000
- Environments: .env.local
✓ Ready in 213ms

 GET / 200 in 291ms (next.js: 108ms, application-code: 183ms)
 GET /recordings/snapshots/EVD-REC-1779374702.jpg 404 in 98ms (next.js: 58ms, application-code: 40ms)
 GET /recordings/snapshots/EVD-REC-1779374724.jpg 404 in 101ms (next.js: 53ms, application-code: 47ms)
 GET /recordings/snapshots/EVD-REC-1779374660.jpg 404 in 97ms (next.js: 34ms, application-code: 63ms)
[browser] 'rgb(26, 40, 64) rgb(26, 40, 64) rgb(26, 40, 64) rgb(255, 34, 68)' is not an animatable color. Use the equivalent color code instead.. For more information and steps for solving, visit https://motion.dev/troubleshooting/color-not-animatable (file:///Users/swapnil/Desktop/my project/surakhsha-drishti/frontend/.next/dev/static/chunks/node_modules_next_dist_115brz8._.js:2477:13)
[browser] 'rgb(26, 40, 64) rgb(26, 40, 64) rgb(26, 40, 64) rgb(255, 170, 0)' is not an animatable color. Use the equivalent color code instead.. For more information and steps for solving, visit https://motion.dev/troubleshooting/color-not-animatable (file:///Users/swapnil/Desktop/my project/surakhsha-drishti/frontend/.next/dev/static/chunks/node_modules_next_dist_115brz8._.js:2477:13)
[browser] 'rgb(26, 40, 64) rgb(26, 40, 64) rgb(26, 40, 64) rgb(255, 34, 68)' is not an animatable color. Use the equivalent color code instead.. For more information and steps for solving, visit https://motion.dev/troubleshooting/color-not-animatable (file:///Users/swapnil/Desktop/my project/surakhsha-drishti/frontend/.next/dev/static/chunks/node_modules_next_dist_115brz8._.js:2477:13)
[browser] 'rgb(26, 40, 64) rgb(26, 40, 64) rgb(26, 40, 64) rgb(255, 170, 0)' is not an animatable color. Use the equivalent color code instead.. For more information and steps for solving, visit https://motion.dev/troubleshooting/color-not-animatable (file:///Users/swapnil/Desktop/my project/surakhsha-drishti/frontend/.next/dev/static/chunks/node_modules_next_dist_115brz8._.js:2477:13)
[browser] 'rgb(26, 40, 64) rgb(26, 40, 64) rgb(26, 40, 64) rgb(255, 170, 0)' is not an animatable color. Use the equivalent color code instead.. For more information and steps for solving, visit https://motion.dev/troubleshooting/color-not-animatable (file:///Users/swapnil/Desktop/my project/surakhsha-drishti/frontend/.next/dev/static/chunks/node_modules_next_dist_115brz8._.js:2477:13)
[browser] 'rgb(26, 40, 64) rgb(26, 40, 64) rgb(26, 40, 64) rgb(255, 34, 68)' is not an animatable color. Use the equivalent color code instead.. For more information and steps for solving, visit https://motion.dev/troubleshooting/color-not-animatable (file:///Users/swapnil/Desktop/my project/surakhsha-drishti/frontend/.next/dev/static/chunks/node_modules_next_dist_115brz8._.js:2477:13)
[browser] 'rgb(26, 40, 64) rgb(26, 40, 64) rgb(26, 40, 64) rgb(255, 170, 0)' is not an animatable color. Use the equivalent color code instead.. For more information and steps for solving, visit https://motion.dev/troubleshooting/color-not-animatable (file:///Users/swapnil/Desktop/my project/surakhsha-drishti/frontend/.next/dev/static/chunks/node_modules_next_dist_115brz8._.js:2477:13)
 GET /recordings/snapshots/EVD-REC-1779374724.jpg 404 in 72ms (next.js: 7ms, application-code: 65ms)
 GET /recordings/snapshots/EVD-REC-1779374702.jpg 404 in 71ms (next.js: 26ms, application-code: 46ms)
 GET /recordings/snapshots/EVD-REC-1779374660.jpg 404 in 71ms (next.js: 38ms, application-code: 33ms)
[browser] 'rgb(26, 40, 64) rgb(26, 40, 64) rgb(26, 40, 64) rgb(255, 34, 68)' is not an animatable color. Use the equivalent color code instead.. For more information and steps for solving, visit https://motion.dev/troubleshooting/color-not-animatable (file:///Users/swapnil/Desktop/my project/surakhsha-drishti/frontend/.next/dev/static/chunks/node_modules_next_dist_115brz8._.js:2477:13)
[browser] 'rgb(26, 40, 64) rgb(26, 40, 64) rgb(26, 40, 64) rgb(255, 170, 0)' is not an animatable color. Use the equivalent color code instead.. For more information and steps for solving, visit https://motion.dev/troubleshooting/color-not-animatable (file:///Users/swapnil/Desktop/my project/surakhsha-drishti/frontend/.next/dev/static/chunks/node_modules_next_dist_115brz8._.js:2477:13)
 GET /recordings/snapshots/EVD-REC-1779374702.jpg 404 in 101ms (next.js: 23ms, application-code: 78ms)
 GET /recordings/snapshots/EVD-REC-1779374724.jpg 404 in 103ms (next.js: 10ms, application-code: 93ms)
 GET /recordings/snapshots/EVD-REC-1779374660.jpg 404 in 110ms (next.js: 50ms, application-code: 61ms)
[browser] 'rgb(26, 40, 64) rgb(26, 40, 64) rgb(26, 40, 64) rgb(255, 34, 68)' is not an animatable color. Use the equivalent color code instead.. For more information and steps for solving, visit https://motion.dev/troubleshooting/color-not-animatable (file:///Users/swapnil/Desktop/my project/surakhsha-drishti/frontend/.next/dev/static/chunks/node_modules_next_dist_115brz8._.js:2477:13)
[browser] 'rgb(26, 40, 64) rgb(26, 40, 64) rgb(26, 40, 64) rgb(255, 170, 0)' is not an animatable color. Use the equivalent color code instead.. For more information and steps for solving, visit https://motion.dev/troubleshooting/color-not-animatable (file:///Users/swapnil/Desktop/my project/surakhsha-drishti/frontend/.next/dev/static/chunks/node_modules_next_dist_115brz8._.js:2477:13)
[browser] 'rgb(26, 40, 64) rgb(26, 40, 64) rgb(26, 40, 64) rgb(255, 170, 0)' is not an animatable color. Use the equivalent color code instead.. For more information and steps for solving, visit https://motion.dev/troubleshooting/color-not-animatable (file:///Users/swapnil/Desktop/my project/surakhsha-drishti/frontend/.next/dev/static/chunks/node_modules_next_dist_115brz8._.js:2477:13)
[browser] 'rgb(26, 40, 64) rgb(26, 40, 64) rgb(26, 40, 64) rgb(255, 34, 68)' is not an animatable color. Use the equivalent color code instead.. For more information and steps for solving, visit https://motion.dev/troubleshooting/color-not-animatable (file:///Users/swapnil/Desktop/my project/surakhsha-drishti/frontend/.next/dev/static/chunks/node_modules_next_dist_115brz8._.js:2477:13)
[browser] 'rgb(26, 40, 64) rgb(26, 40, 64) rgb(26, 40, 64) rgb(255, 34, 68)' is not an animatable color. Use the equivalent color code instead.. For more information and steps for solving, visit https://motion.dev/troubleshooting/color-not-animatable (file:///Users/swapnil/Desktop/my project/surakhsha-drishti/frontend/.next/dev/static/chunks/node_modules_next_dist_115brz8._.js:2477:13)
[browser] 'rgb(26, 40, 64) rgb(26, 40, 64) rgb(26, 40, 64) rgb(255, 34, 68)' is not an animatable color. Use the equivalent color code instead.. For more information and steps for solving, visit https://motion.dev/troubleshooting/color-not-animatable (file:///Users/swapnil/Desktop/my project/surakhsha-drishti/frontend/.next/dev/static/chunks/node_modules_next_dist_115brz8._.js:2477:13)
[browser] 'rgb(26, 40, 64) rgb(26, 40, 64) rgb(26, 40, 64) rgb(255, 34, 68)' is not an animatable color. Use the equivalent color code instead.. For more information and steps for solving, visit https://motion.dev/troubleshooting/color-not-animatable (file:///Users/swapnil/Desktop/my project/surakhsha-drishti/frontend/.next/dev/static/chunks/node_modules_next_dist_115brz8._.js:2477:13)
[browser] 'rgb(26, 40, 64) rgb(26, 40, 64) rgb(26, 40, 64) rgb(255, 170, 0)' is not an animatable color. Use the equivalent color code instead.. For more information and steps for solving, visit https://motion.dev/troubleshooting/color-not-animatable (file:///Users/swapnil/Desktop/my project/surakhsha-drishti/frontend/.next/dev/static/chunks/node_modules_next_dist_115brz8._.js:2477:13)
